../Core/Src/main.c:94:6:HAL_ADC_ConvCpltCallback	24	static
../Core/Src/main.c:108:6:MQ2_create	16	static
../Core/Src/main.c:122:6:MQ2_begin	16	static
../Core/Src/main.c:131:6:MQ2_close	16	static
../Core/Src/main.c:138:6:MQ2_checkCalibration	16	static
../Core/Src/main.c:147:8:MQ2_read	16	static
../Core/Src/main.c:178:7:MQ2_readLPG	16	static
../Core/Src/main.c:188:7:MQ2_readCO	16	static
../Core/Src/main.c:197:7:MQ2_readSmoke	16	static
../Core/Src/main.c:206:7:MQ2_MQResistanceCalculation	32	static
../Core/Src/main.c:212:7:MQ2_MQCalibration	24	static
../Core/Src/main.c:234:7:MQ2_MQRead	24	static
../Core/Src/main.c:249:7:MQ2_MQGetPercentage	32	static
../Core/Src/main.c:253:6:HAL_GPIO_EXTI_Callback	16	static
../Core/Src/main.c:264:6:HAL_CAN_RxFifo0MsgPendingCallback	16	static
../Core/Src/main.c:281:5:main	144	static
../Core/Src/main.c:420:6:SystemClock_Config	88	static
../Core/Src/main.c:474:13:MX_ADC1_Init	24	static
../Core/Src/main.c:526:13:MX_CAN1_Init	48	static
../Core/Src/main.c:575:13:MX_TIM1_Init	96	static
../Core/Src/main.c:650:13:MX_USART2_UART_Init	8	static
../Core/Src/main.c:681:13:MX_DMA_Init	16	static
../Core/Src/main.c:699:13:MX_GPIO_Init	48	static
../Core/Src/main.c:749:6:Error_Handler	4	static,ignoring_inline_asm
